// Jest Snapshot v1, https://goo.gl/fbAQLP

exports[`Header should render properly with default props 1`] = `
<h1
  className="Header"
>
  test header content
</h1>
`;
