// Jest Snapshot v1, https://goo.gl/fbAQLP

exports[`SignInForm should render with proper input configuration 1`] = `
<Fragment>
  <Header
    headerContent="Sign in"
  />
  <Form>
    <StandardField
      changeHandler={[Function]}
      errorMessage=""
      id="emailInput"
      key="emailInput"
      label="E-mail address"
      type="email"
      value=""
    />
    <StandardField
      changeHandler={[Function]}
      errorMessage=""
      id="passwordInput"
      key="passwordInput"
      label="Password"
      type="password"
      value=""
    />
    <SubmitButton
      buttonLabel="Continue"
      disabled={true}
    />
  </Form>
  <FormLink
    description="Not our member yet?"
    linkPath="/signup"
    linkText="Click here to create new account"
  />
</Fragment>
`;
